$ /opt/pyvenv/bin/python -m compileall -q src tests scripts

Spreadsheet runtime warmup failed during python startup
Traceback (most recent call last):
  File "/tmp/tmp.yTcnQsZYiA/artifact_tool_v2-2.8.4/artifact_tool/patches/warm_spreadsheet_runtime_on_startup.py", line 26, in warm_spreadsheet_runtime_on_startup
  File "/tmp/tmp.yTcnQsZYiA/artifact_tool_v2-2.8.4/artifact_tool/spreadsheet_warmup.py", line 785, in warm_spreadsheet_runtime
  File "/tmp/tmp.yTcnQsZYiA/artifact_tool_v2-2.8.4/artifact_tool/spreadsheet_warmup.py", line 720, in _warm_feature_flows
  File "/tmp/tmp.yTcnQsZYiA/artifact_tool_v2-2.8.4/artifact_tool/spreadsheet_warmup.py", line 704, in _warm_collaboration_flows
  File "/tmp/tmp.yTcnQsZYiA/artifact_tool_v2-2.8.4/artifact_tool/generated/interface/models.py", line 30820, in hydrate_crdt_from_proto
  File "/tmp/tmp.yTcnQsZYiA/artifact_tool_v2-2.8.4/artifact_tool/rpc/remote.py", line 749, in __call__
  File "/tmp/tmp.yTcnQsZYiA/artifact_tool_v2-2.8.4/artifact_tool/rpc/client.py", line 150, in call
artifact_tool.rpc.client.RemoteError: hydrateCrdtFromProto requires an empty collaborative document.

$ /opt/pyvenv/bin/python scripts/ci_repository_checks.py

Repository files checked: 942
Credential-pattern hits: 0
Files over 100 MB: 0
Merge-conflict markers: 0
Notebook traceback outputs: 0
Unresolved implementation markers: 0
Required final-baseline files present: PASS
CI repository checks: PASS

Spreadsheet runtime warmup failed during python startup
Traceback (most recent call last):
  File "/tmp/tmp.yTcnQsZYiA/artifact_tool_v2-2.8.4/artifact_tool/patches/warm_spreadsheet_runtime_on_startup.py", line 26, in warm_spreadsheet_runtime_on_startup
  File "/tmp/tmp.yTcnQsZYiA/artifact_tool_v2-2.8.4/artifact_tool/spreadsheet_warmup.py", line 785, in warm_spreadsheet_runtime
  File "/tmp/tmp.yTcnQsZYiA/artifact_tool_v2-2.8.4/artifact_tool/spreadsheet_warmup.py", line 720, in _warm_feature_flows
  File "/tmp/tmp.yTcnQsZYiA/artifact_tool_v2-2.8.4/artifact_tool/spreadsheet_warmup.py", line 704, in _warm_collaboration_flows
  File "/tmp/tmp.yTcnQsZYiA/artifact_tool_v2-2.8.4/artifact_tool/generated/interface/models.py", line 30820, in hydrate_crdt_from_proto
  File "/tmp/tmp.yTcnQsZYiA/artifact_tool_v2-2.8.4/artifact_tool/rpc/remote.py", line 749, in __call__
  File "/tmp/tmp.yTcnQsZYiA/artifact_tool_v2-2.8.4/artifact_tool/rpc/client.py", line 150, in call
artifact_tool.rpc.client.RemoteError: hydrateCrdtFromProto requires an empty collaborative document.

$ /opt/pyvenv/bin/python tests/validate_shared_schemas.py

Schemas checked: 33
Valid integrated case: PASS
Valid audit event: PASS
Invalid integrated case: correctly rejected with 1 validation error(s)

Spreadsheet runtime warmup failed during python startup
Traceback (most recent call last):
  File "/tmp/tmp.yTcnQsZYiA/artifact_tool_v2-2.8.4/artifact_tool/patches/warm_spreadsheet_runtime_on_startup.py", line 26, in warm_spreadsheet_runtime_on_startup
  File "/tmp/tmp.yTcnQsZYiA/artifact_tool_v2-2.8.4/artifact_tool/spreadsheet_warmup.py", line 785, in warm_spreadsheet_runtime
  File "/tmp/tmp.yTcnQsZYiA/artifact_tool_v2-2.8.4/artifact_tool/spreadsheet_warmup.py", line 720, in _warm_feature_flows
  File "/tmp/tmp.yTcnQsZYiA/artifact_tool_v2-2.8.4/artifact_tool/spreadsheet_warmup.py", line 704, in _warm_collaboration_flows
  File "/tmp/tmp.yTcnQsZYiA/artifact_tool_v2-2.8.4/artifact_tool/generated/interface/models.py", line 30820, in hydrate_crdt_from_proto
  File "/tmp/tmp.yTcnQsZYiA/artifact_tool_v2-2.8.4/artifact_tool/rpc/remote.py", line 749, in __call__
  File "/tmp/tmp.yTcnQsZYiA/artifact_tool_v2-2.8.4/artifact_tool/rpc/client.py", line 150, in call
artifact_tool.rpc.client.RemoteError: hydrateCrdtFromProto requires an empty collaborative document.

$ /opt/pyvenv/bin/python tests/validate_component_contracts.py

Component contracts checked: 14
Contract registry integrity: PASS
Orchestration policy: PASS
Stage-to-contract referential integrity: PASS
Invalid component contract: correctly rejected
Invalid orchestration policy: correctly rejected

Spreadsheet runtime warmup failed during python startup
Traceback (most recent call last):
  File "/tmp/tmp.yTcnQsZYiA/artifact_tool_v2-2.8.4/artifact_tool/patches/warm_spreadsheet_runtime_on_startup.py", line 26, in warm_spreadsheet_runtime_on_startup
  File "/tmp/tmp.yTcnQsZYiA/artifact_tool_v2-2.8.4/artifact_tool/spreadsheet_warmup.py", line 785, in warm_spreadsheet_runtime
  File "/tmp/tmp.yTcnQsZYiA/artifact_tool_v2-2.8.4/artifact_tool/spreadsheet_warmup.py", line 720, in _warm_feature_flows
  File "/tmp/tmp.yTcnQsZYiA/artifact_tool_v2-2.8.4/artifact_tool/spreadsheet_warmup.py", line 704, in _warm_collaboration_flows
  File "/tmp/tmp.yTcnQsZYiA/artifact_tool_v2-2.8.4/artifact_tool/generated/interface/models.py", line 30820, in hydrate_crdt_from_proto
  File "/tmp/tmp.yTcnQsZYiA/artifact_tool_v2-2.8.4/artifact_tool/rpc/remote.py", line 749, in __call__
  File "/tmp/tmp.yTcnQsZYiA/artifact_tool_v2-2.8.4/artifact_tool/rpc/client.py", line 150, in call
artifact_tool.rpc.client.RemoteError: hydrateCrdtFromProto requires an empty collaborative document.

$ /opt/pyvenv/bin/python tests/validate_safeguards.py

Safeguard controls checked: 30
Reason codes checked: 35
Trigger scenarios checked: 30
Policy schema validation: PASS
Control and reason-code integrity: PASS
Control-to-scenario coverage: PASS
Invalid safeguard policy: correctly rejected

Spreadsheet runtime warmup failed during python startup
Traceback (most recent call last):
  File "/tmp/tmp.yTcnQsZYiA/artifact_tool_v2-2.8.4/artifact_tool/patches/warm_spreadsheet_runtime_on_startup.py", line 26, in warm_spreadsheet_runtime_on_startup
  File "/tmp/tmp.yTcnQsZYiA/artifact_tool_v2-2.8.4/artifact_tool/spreadsheet_warmup.py", line 785, in warm_spreadsheet_runtime
  File "/tmp/tmp.yTcnQsZYiA/artifact_tool_v2-2.8.4/artifact_tool/spreadsheet_warmup.py", line 720, in _warm_feature_flows
  File "/tmp/tmp.yTcnQsZYiA/artifact_tool_v2-2.8.4/artifact_tool/spreadsheet_warmup.py", line 704, in _warm_collaboration_flows
  File "/tmp/tmp.yTcnQsZYiA/artifact_tool_v2-2.8.4/artifact_tool/generated/interface/models.py", line 30820, in hydrate_crdt_from_proto
  File "/tmp/tmp.yTcnQsZYiA/artifact_tool_v2-2.8.4/artifact_tool/rpc/remote.py", line 749, in __call__
  File "/tmp/tmp.yTcnQsZYiA/artifact_tool_v2-2.8.4/artifact_tool/rpc/client.py", line 150, in call
artifact_tool.rpc.client.RemoteError: hydrateCrdtFromProto requires an empty collaborative document.

$ /opt/pyvenv/bin/python tests/validate_operational_workload.py

Actors checked: 8
Approved inputs checked: 8
Workflow stages checked: 12
Human decision points checked: 6
Acceptance targets checked: 18
CPU and no-training boundary: PASS
Stage, actor, and decision integrity: PASS
Invalid operational workload: correctly rejected

Spreadsheet runtime warmup failed during python startup
Traceback (most recent call last):
  File "/tmp/tmp.yTcnQsZYiA/artifact_tool_v2-2.8.4/artifact_tool/patches/warm_spreadsheet_runtime_on_startup.py", line 26, in warm_spreadsheet_runtime_on_startup
  File "/tmp/tmp.yTcnQsZYiA/artifact_tool_v2-2.8.4/artifact_tool/spreadsheet_warmup.py", line 785, in warm_spreadsheet_runtime
  File "/tmp/tmp.yTcnQsZYiA/artifact_tool_v2-2.8.4/artifact_tool/spreadsheet_warmup.py", line 720, in _warm_feature_flows
  File "/tmp/tmp.yTcnQsZYiA/artifact_tool_v2-2.8.4/artifact_tool/spreadsheet_warmup.py", line 704, in _warm_collaboration_flows
  File "/tmp/tmp.yTcnQsZYiA/artifact_tool_v2-2.8.4/artifact_tool/generated/interface/models.py", line 30820, in hydrate_crdt_from_proto
  File "/tmp/tmp.yTcnQsZYiA/artifact_tool_v2-2.8.4/artifact_tool/rpc/remote.py", line 749, in __call__
  File "/tmp/tmp.yTcnQsZYiA/artifact_tool_v2-2.8.4/artifact_tool/rpc/client.py", line 150, in call
artifact_tool.rpc.client.RemoteError: hydrateCrdtFromProto requires an empty collaborative document.

$ /opt/pyvenv/bin/python tests/validate_scenario_taxonomy.py

Scenario categories checked: 11
Target cases checked: 19
Terminal outcomes covered: 6
No Recommendation modeled separately: PASS
Category minimum coverage: PASS

Spreadsheet runtime warmup failed during python startup
Traceback (most recent call last):
  File "/tmp/tmp.yTcnQsZYiA/artifact_tool_v2-2.8.4/artifact_tool/patches/warm_spreadsheet_runtime_on_startup.py", line 26, in warm_spreadsheet_runtime_on_startup
  File "/tmp/tmp.yTcnQsZYiA/artifact_tool_v2-2.8.4/artifact_tool/spreadsheet_warmup.py", line 785, in warm_spreadsheet_runtime
  File "/tmp/tmp.yTcnQsZYiA/artifact_tool_v2-2.8.4/artifact_tool/spreadsheet_warmup.py", line 720, in _warm_feature_flows
  File "/tmp/tmp.yTcnQsZYiA/artifact_tool_v2-2.8.4/artifact_tool/spreadsheet_warmup.py", line 704, in _warm_collaboration_flows
  File "/tmp/tmp.yTcnQsZYiA/artifact_tool_v2-2.8.4/artifact_tool/generated/interface/models.py", line 30820, in hydrate_crdt_from_proto
  File "/tmp/tmp.yTcnQsZYiA/artifact_tool_v2-2.8.4/artifact_tool/rpc/remote.py", line 749, in __call__
  File "/tmp/tmp.yTcnQsZYiA/artifact_tool_v2-2.8.4/artifact_tool/rpc/client.py", line 150, in call
artifact_tool.rpc.client.RemoteError: hydrateCrdtFromProto requires an empty collaborative document.

$ /opt/pyvenv/bin/python scripts/verify_p5_01_frozen_evaluation.py

Cases verified: 19
Assertions verified: 262
Raw output integrity: PASS
Frozen evaluation verification: PASS

Spreadsheet runtime warmup failed during python startup
Traceback (most recent call last):
  File "/tmp/tmp.yTcnQsZYiA/artifact_tool_v2-2.8.4/artifact_tool/patches/warm_spreadsheet_runtime_on_startup.py", line 26, in warm_spreadsheet_runtime_on_startup
  File "/tmp/tmp.yTcnQsZYiA/artifact_tool_v2-2.8.4/artifact_tool/spreadsheet_warmup.py", line 785, in warm_spreadsheet_runtime
  File "/tmp/tmp.yTcnQsZYiA/artifact_tool_v2-2.8.4/artifact_tool/spreadsheet_warmup.py", line 720, in _warm_feature_flows
  File "/tmp/tmp.yTcnQsZYiA/artifact_tool_v2-2.8.4/artifact_tool/spreadsheet_warmup.py", line 704, in _warm_collaboration_flows
  File "/tmp/tmp.yTcnQsZYiA/artifact_tool_v2-2.8.4/artifact_tool/generated/interface/models.py", line 30820, in hydrate_crdt_from_proto
  File "/tmp/tmp.yTcnQsZYiA/artifact_tool_v2-2.8.4/artifact_tool/rpc/remote.py", line 749, in __call__
  File "/tmp/tmp.yTcnQsZYiA/artifact_tool_v2-2.8.4/artifact_tool/rpc/client.py", line 150, in call
artifact_tool.rpc.client.RemoteError: hydrateCrdtFromProto requires an empty collaborative document.

$ /opt/pyvenv/bin/python scripts/verify_p5_02_metrics.py

Metrics recalculated and verified: 14
Cases: 19
Assertions: 256/262
Critical assertions: 167/167
Major assertions: 89/95
P5-02 recalculation: PASS

Spreadsheet runtime warmup failed during python startup
Traceback (most recent call last):
  File "/tmp/tmp.yTcnQsZYiA/artifact_tool_v2-2.8.4/artifact_tool/patches/warm_spreadsheet_runtime_on_startup.py", line 26, in warm_spreadsheet_runtime_on_startup
  File "/tmp/tmp.yTcnQsZYiA/artifact_tool_v2-2.8.4/artifact_tool/spreadsheet_warmup.py", line 785, in warm_spreadsheet_runtime
  File "/tmp/tmp.yTcnQsZYiA/artifact_tool_v2-2.8.4/artifact_tool/spreadsheet_warmup.py", line 720, in _warm_feature_flows
  File "/tmp/tmp.yTcnQsZYiA/artifact_tool_v2-2.8.4/artifact_tool/spreadsheet_warmup.py", line 704, in _warm_collaboration_flows
  File "/tmp/tmp.yTcnQsZYiA/artifact_tool_v2-2.8.4/artifact_tool/generated/interface/models.py", line 30820, in hydrate_crdt_from_proto
  File "/tmp/tmp.yTcnQsZYiA/artifact_tool_v2-2.8.4/artifact_tool/rpc/remote.py", line 749, in __call__
  File "/tmp/tmp.yTcnQsZYiA/artifact_tool_v2-2.8.4/artifact_tool/rpc/client.py", line 150, in call
artifact_tool.rpc.client.RemoteError: hydrateCrdtFromProto requires an empty collaborative document.

$ /opt/pyvenv/bin/python scripts/verify_p5_03_failure_analysis.py

Failure occurrences verified: 6
Failure classes verified: 3
Safety-significant failures: 0
Governance-significant failures: 6
Unexpected escalations: 0
Refinement backlog items: 5
P5-03 failure analysis verification: PASS

Spreadsheet runtime warmup failed during python startup
Traceback (most recent call last):
  File "/tmp/tmp.yTcnQsZYiA/artifact_tool_v2-2.8.4/artifact_tool/patches/warm_spreadsheet_runtime_on_startup.py", line 26, in warm_spreadsheet_runtime_on_startup
  File "/tmp/tmp.yTcnQsZYiA/artifact_tool_v2-2.8.4/artifact_tool/spreadsheet_warmup.py", line 785, in warm_spreadsheet_runtime
  File "/tmp/tmp.yTcnQsZYiA/artifact_tool_v2-2.8.4/artifact_tool/spreadsheet_warmup.py", line 720, in _warm_feature_flows
  File "/tmp/tmp.yTcnQsZYiA/artifact_tool_v2-2.8.4/artifact_tool/spreadsheet_warmup.py", line 704, in _warm_collaboration_flows
  File "/tmp/tmp.yTcnQsZYiA/artifact_tool_v2-2.8.4/artifact_tool/generated/interface/models.py", line 30820, in hydrate_crdt_from_proto
  File "/tmp/tmp.yTcnQsZYiA/artifact_tool_v2-2.8.4/artifact_tool/rpc/remote.py", line 749, in __call__
  File "/tmp/tmp.yTcnQsZYiA/artifact_tool_v2-2.8.4/artifact_tool/rpc/client.py", line 150, in call
artifact_tool.rpc.client.RemoteError: hydrateCrdtFromProto requires an empty collaborative document.

$ /opt/pyvenv/bin/python scripts/verify_p5_04_refinement.py

Frozen inputs verified unchanged: PASS
Cases executed: 19/19
Assertions passed: 262/262
Improved cases: 6
Regressions: 0
Audit event classification: 19/19
Component attribution: 19/19
P5-04 refinement verification: PASS

Spreadsheet runtime warmup failed during python startup
Traceback (most recent call last):
  File "/tmp/tmp.yTcnQsZYiA/artifact_tool_v2-2.8.4/artifact_tool/patches/warm_spreadsheet_runtime_on_startup.py", line 26, in warm_spreadsheet_runtime_on_startup
  File "/tmp/tmp.yTcnQsZYiA/artifact_tool_v2-2.8.4/artifact_tool/spreadsheet_warmup.py", line 785, in warm_spreadsheet_runtime
  File "/tmp/tmp.yTcnQsZYiA/artifact_tool_v2-2.8.4/artifact_tool/spreadsheet_warmup.py", line 720, in _warm_feature_flows
  File "/tmp/tmp.yTcnQsZYiA/artifact_tool_v2-2.8.4/artifact_tool/spreadsheet_warmup.py", line 704, in _warm_collaboration_flows
  File "/tmp/tmp.yTcnQsZYiA/artifact_tool_v2-2.8.4/artifact_tool/generated/interface/models.py", line 30820, in hydrate_crdt_from_proto
  File "/tmp/tmp.yTcnQsZYiA/artifact_tool_v2-2.8.4/artifact_tool/rpc/remote.py", line 749, in __call__
  File "/tmp/tmp.yTcnQsZYiA/artifact_tool_v2-2.8.4/artifact_tool/rpc/client.py", line 150, in call
artifact_tool.rpc.client.RemoteError: hydrateCrdtFromProto requires an empty collaborative document.

$ /opt/pyvenv/bin/python scripts/verify_p5_04_portability.py

Portability opportunities: 2
Profile runs: 4
ICM-oriented result: R-01 vs R-04
Data-analytics result: R-04 vs R-01
Source code, schemas, and fixed safeguards unchanged: PASS
P5-04 portability verification: PASS

Spreadsheet runtime warmup failed during python startup
Traceback (most recent call last):
  File "/tmp/tmp.yTcnQsZYiA/artifact_tool_v2-2.8.4/artifact_tool/patches/warm_spreadsheet_runtime_on_startup.py", line 26, in warm_spreadsheet_runtime_on_startup
  File "/tmp/tmp.yTcnQsZYiA/artifact_tool_v2-2.8.4/artifact_tool/spreadsheet_warmup.py", line 785, in warm_spreadsheet_runtime
  File "/tmp/tmp.yTcnQsZYiA/artifact_tool_v2-2.8.4/artifact_tool/spreadsheet_warmup.py", line 720, in _warm_feature_flows
  File "/tmp/tmp.yTcnQsZYiA/artifact_tool_v2-2.8.4/artifact_tool/spreadsheet_warmup.py", line 704, in _warm_collaboration_flows
  File "/tmp/tmp.yTcnQsZYiA/artifact_tool_v2-2.8.4/artifact_tool/generated/interface/models.py", line 30820, in hydrate_crdt_from_proto
  File "/tmp/tmp.yTcnQsZYiA/artifact_tool_v2-2.8.4/artifact_tool/rpc/remote.py", line 749, in __call__
  File "/tmp/tmp.yTcnQsZYiA/artifact_tool_v2-2.8.4/artifact_tool/rpc/client.py", line 150, in call
artifact_tool.rpc.client.RemoteError: hydrateCrdtFromProto requires an empty collaborative document.

$ /opt/pyvenv/bin/python scripts/verify_p5_05_final_baseline.py

Frozen baseline: PROJECT7-FINAL-EVALUATION-BASELINE-v1.0.0
Cases: 19/19
Assertions: 262/262
Inventory files verified: 936
Evidence areas verified: 19
Repository validation: PASS
External actions performed: 0
P5-05 final baseline verification: PASS

Spreadsheet runtime warmup failed during python startup
Traceback (most recent call last):
  File "/tmp/tmp.yTcnQsZYiA/artifact_tool_v2-2.8.4/artifact_tool/patches/warm_spreadsheet_runtime_on_startup.py", line 26, in warm_spreadsheet_runtime_on_startup
  File "/tmp/tmp.yTcnQsZYiA/artifact_tool_v2-2.8.4/artifact_tool/spreadsheet_warmup.py", line 785, in warm_spreadsheet_runtime
  File "/tmp/tmp.yTcnQsZYiA/artifact_tool_v2-2.8.4/artifact_tool/spreadsheet_warmup.py", line 720, in _warm_feature_flows
  File "/tmp/tmp.yTcnQsZYiA/artifact_tool_v2-2.8.4/artifact_tool/spreadsheet_warmup.py", line 704, in _warm_collaboration_flows
  File "/tmp/tmp.yTcnQsZYiA/artifact_tool_v2-2.8.4/artifact_tool/generated/interface/models.py", line 30820, in hydrate_crdt_from_proto
  File "/tmp/tmp.yTcnQsZYiA/artifact_tool_v2-2.8.4/artifact_tool/rpc/remote.py", line 749, in __call__
  File "/tmp/tmp.yTcnQsZYiA/artifact_tool_v2-2.8.4/artifact_tool/rpc/client.py", line 150, in call
artifact_tool.rpc.client.RemoteError: hydrateCrdtFromProto requires an empty collaborative document.

$ /opt/pyvenv/bin/python -m unittest tests.test_refined_evaluation tests.test_configuration_portability tests.test_ci_workflow tests.test_final_evaluation_freeze -v

Spreadsheet runtime warmup failed during python startup
Traceback (most recent call last):
  File "/tmp/tmp.yTcnQsZYiA/artifact_tool_v2-2.8.4/artifact_tool/patches/warm_spreadsheet_runtime_on_startup.py", line 26, in warm_spreadsheet_runtime_on_startup
  File "/tmp/tmp.yTcnQsZYiA/artifact_tool_v2-2.8.4/artifact_tool/spreadsheet_warmup.py", line 785, in warm_spreadsheet_runtime
  File "/tmp/tmp.yTcnQsZYiA/artifact_tool_v2-2.8.4/artifact_tool/spreadsheet_warmup.py", line 720, in _warm_feature_flows
  File "/tmp/tmp.yTcnQsZYiA/artifact_tool_v2-2.8.4/artifact_tool/spreadsheet_warmup.py", line 704, in _warm_collaboration_flows
  File "/tmp/tmp.yTcnQsZYiA/artifact_tool_v2-2.8.4/artifact_tool/generated/interface/models.py", line 30820, in hydrate_crdt_from_proto
  File "/tmp/tmp.yTcnQsZYiA/artifact_tool_v2-2.8.4/artifact_tool/rpc/remote.py", line 749, in __call__
  File "/tmp/tmp.yTcnQsZYiA/artifact_tool_v2-2.8.4/artifact_tool/rpc/client.py", line 150, in call
artifact_tool.rpc.client.RemoteError: hydrateCrdtFromProto requires an empty collaborative document.
test_all_cases_and_assertions_pass (tests.test_refined_evaluation.RefinedEvaluationTests.test_all_cases_and_assertions_pass) ... ok
test_audit_event_classification_improved (tests.test_refined_evaluation.RefinedEvaluationTests.test_audit_event_classification_improved) ... ok
test_component_attribution_improved (tests.test_refined_evaluation.RefinedEvaluationTests.test_component_attribution_improved) ... ok
test_exact_six_cases_improved (tests.test_refined_evaluation.RefinedEvaluationTests.test_exact_six_cases_improved) ... ok
test_external_action_boundary (tests.test_refined_evaluation.RefinedEvaluationTests.test_external_action_boundary) ... ok
test_frozen_inputs_unchanged (tests.test_refined_evaluation.RefinedEvaluationTests.test_frozen_inputs_unchanged) ... ok
test_global_control_owner_attribution (tests.test_refined_evaluation.RefinedEvaluationTests.test_global_control_owner_attribution) ... ok
test_no_regressions (tests.test_refined_evaluation.RefinedEvaluationTests.test_no_regressions) ... ok
test_raw_output_inventory_exists (tests.test_refined_evaluation.RefinedEvaluationTests.test_raw_output_inventory_exists) ... ok
test_refined_event_semantics (tests.test_refined_evaluation.RefinedEvaluationTests.test_refined_event_semantics) ... ok
test_all_runs_preserve_human_authority (tests.test_configuration_portability.ConfigurationPortabilityTests.test_all_runs_preserve_human_authority) ... ok
test_data_opportunity_changes_result_in_reverse (tests.test_configuration_portability.ConfigurationPortabilityTests.test_data_opportunity_changes_result_in_reverse) ... ok
test_external_action_boundary (tests.test_configuration_portability.ConfigurationPortabilityTests.test_external_action_boundary) ... ok
test_fixed_safeguards_and_schemas_are_unchanged (tests.test_configuration_portability.ConfigurationPortabilityTests.test_fixed_safeguards_and_schemas_are_unchanged) ... ok
test_icm_oriented_opportunity_changes_result (tests.test_configuration_portability.ConfigurationPortabilityTests.test_icm_oriented_opportunity_changes_result) ... ok
test_profile_switch_changes_alignment_and_recommendation (tests.test_configuration_portability.ConfigurationPortabilityTests.test_profile_switch_changes_alignment_and_recommendation) ... ok
test_source_code_is_unchanged (tests.test_configuration_portability.ConfigurationPortabilityTests.test_source_code_is_unchanged) ... ok
test_two_opportunities_and_two_profiles (tests.test_configuration_portability.ConfigurationPortabilityTests.test_two_opportunities_and_two_profiles) ... ok
test_current_official_action_majors (tests.test_ci_workflow.CIWorkflowTests.test_current_official_action_majors) ... ok
test_final_quality_verifiers_are_run (tests.test_ci_workflow.CIWorkflowTests.test_final_quality_verifiers_are_run) ... ok
test_hosted_metadata_and_final_evidence_are_uploaded (tests.test_ci_workflow.CIWorkflowTests.test_hosted_metadata_and_final_evidence_are_uploaded) ... ok
test_no_deployment_or_publish_step (tests.test_ci_workflow.CIWorkflowTests.test_no_deployment_or_publish_step) ... ok
test_pinned_python_and_dependency_cache (tests.test_ci_workflow.CIWorkflowTests.test_pinned_python_and_dependency_cache) ... ok
test_read_only_permissions (tests.test_ci_workflow.CIWorkflowTests.test_read_only_permissions) ... ok
test_triggers_cover_push_pull_request_and_manual (tests.test_ci_workflow.CIWorkflowTests.test_triggers_cover_push_pull_request_and_manual) ... ok
test_all_final_metrics_are_complete (tests.test_final_evaluation_freeze.FinalEvaluationFreezeTests.test_all_final_metrics_are_complete) ... ok
test_baseline_is_frozen (tests.test_final_evaluation_freeze.FinalEvaluationFreezeTests.test_baseline_is_frozen) ... ok
test_ci_uses_node24_compatible_artifact_action (tests.test_final_evaluation_freeze.FinalEvaluationFreezeTests.test_ci_uses_node24_compatible_artifact_action) ... ok
test_external_action_boundary (tests.test_final_evaluation_freeze.FinalEvaluationFreezeTests.test_external_action_boundary) ... ok
test_final_case_and_assertion_results (tests.test_final_evaluation_freeze.FinalEvaluationFreezeTests.test_final_case_and_assertion_results) ... ok
test_final_evidence_map_is_complete (tests.test_final_evaluation_freeze.FinalEvaluationFreezeTests.test_final_evidence_map_is_complete) ... ok
test_freeze_policy_prohibits_silent_evidence_edits (tests.test_final_evaluation_freeze.FinalEvaluationFreezeTests.test_freeze_policy_prohibits_silent_evidence_edits) ... ok
test_hosted_run_one_is_preserved (tests.test_final_evaluation_freeze.FinalEvaluationFreezeTests.test_hosted_run_one_is_preserved) ... ok
test_inventory_is_substantial_and_versioned (tests.test_final_evaluation_freeze.FinalEvaluationFreezeTests.test_inventory_is_substantial_and_versioned) ... ok
test_no_regressions_or_frozen_input_changes (tests.test_final_evaluation_freeze.FinalEvaluationFreezeTests.test_no_regressions_or_frozen_input_changes) ... ok
test_portability_preserves_control_boundaries (tests.test_final_evaluation_freeze.FinalEvaluationFreezeTests.test_portability_preserves_control_boundaries) ... ok
test_repository_validation_passed (tests.test_final_evaluation_freeze.FinalEvaluationFreezeTests.test_repository_validation_passed) ... ok

----------------------------------------------------------------------
Ran 37 tests in 0.002s

OK
